[2024-05-21T04:28:14.199+0000][74][info][gc,init] CardTable entry size: 512
[2024-05-21T04:28:14.199+0000][74][info][gc     ] Using G1
[2024-05-21T04:28:14.236+0000][74][info][gc,init] Version: 21.0.1+12-29 (release)
[2024-05-21T04:28:14.236+0000][74][info][gc,init] CPUs: 16 total, 16 available
[2024-05-21T04:28:14.236+0000][74][info][gc,init] Memory: 48142M
[2024-05-21T04:28:14.236+0000][74][info][gc,init] Large Page Support: Disabled
[2024-05-21T04:28:14.236+0000][74][info][gc,init] NUMA Support: Disabled
[2024-05-21T04:28:14.237+0000][74][info][gc,init] Compressed Oops: Enabled (32-bit)
[2024-05-21T04:28:14.237+0000][74][info][gc,init] Heap Region Size: 4M
[2024-05-21T04:28:14.259+0000][74][info][gc,init] Heap Min Capacity: 512M
[2024-05-21T04:28:14.259+0000][74][info][gc,init] Heap Initial Capacity: 512M
[2024-05-21T04:28:14.259+0000][74][info][gc,init] Heap Max Capacity: 512M
[2024-05-21T04:28:14.259+0000][74][info][gc,init] Pre-touch: Enabled
[2024-05-21T04:28:14.260+0000][74][info][gc,init] Parallel Workers: 13
[2024-05-21T04:28:14.260+0000][74][info][gc,init] Concurrent Workers: 3
[2024-05-21T04:28:14.260+0000][74][info][gc,init] Concurrent Refinement Workers: 13
[2024-05-21T04:28:14.260+0000][74][info][gc,init] Periodic GC: Disabled
[2024-05-21T04:28:14.263+0000][74][info][gc,metaspace] CDS archive(s) mapped at: [0x00007fc83b000000-0x00007fc83bca5000-0x00007fc83bca5000), size 13258752, SharedBaseAddress: 0x00007fc83b000000, ArchiveRelocationMode: 1.
[2024-05-21T04:28:14.263+0000][74][info][gc,metaspace] Compressed class space mapped at: 0x00007fc83c000000-0x00007fc87c000000, reserved size: 1073741824
[2024-05-21T04:28:14.264+0000][74][info][gc,metaspace] Narrow klass base: 0x00007fc83b000000, Narrow klass shift: 0, Narrow klass range: 0x100000000
[2024-05-21T04:28:14.389+0000][74][info][safepoint   ] Safepoint "ICBufferFull", Time since last: 123003609 ns, Reaching safepoint: 84233 ns, Cleanup: 57051 ns, At safepoint: 38621 ns, Total: 179905 ns
[2024-05-21T04:28:14.403+0000][74][info][gc,start    ] GC(0) Pause Young (Normal) (G1 Evacuation Pause)
[2024-05-21T04:28:14.403+0000][74][info][gc,task     ] GC(0) Using 12 workers of 13 for evacuation
[2024-05-21T04:28:14.403+0000][74][debug][gc,age      ] GC(0) Desired survivor size 2097152 bytes, new threshold 15 (max threshold 15)
[2024-05-21T04:28:14.405+0000][74][info ][gc,phases   ] GC(0)   Pre Evacuate Collection Set: 0.2ms
[2024-05-21T04:28:14.405+0000][74][info ][gc,phases   ] GC(0)   Merge Heap Roots: 0.1ms
[2024-05-21T04:28:14.405+0000][74][info ][gc,phases   ] GC(0)   Evacuate Collection Set: 0.7ms
[2024-05-21T04:28:14.405+0000][74][info ][gc,phases   ] GC(0)   Post Evacuate Collection Set: 0.5ms
[2024-05-21T04:28:14.405+0000][74][info ][gc,phases   ] GC(0)   Other: 0.3ms
[2024-05-21T04:28:14.405+0000][74][trace][gc,age      ] GC(0) Age table with threshold 15 (max threshold 15)
[2024-05-21T04:28:14.405+0000][74][trace][gc,age      ] GC(0) - age   1:    1916832 bytes,    1916832 total
[2024-05-21T04:28:14.406+0000][74][info ][gc,heap     ] GC(0) Eden regions: 6->0(22)
[2024-05-21T04:28:14.406+0000][74][info ][gc,heap     ] GC(0) Survivor regions: 0->1(1)
[2024-05-21T04:28:14.406+0000][74][info ][gc,heap     ] GC(0) Old regions: 1->1
[2024-05-21T04:28:14.406+0000][74][info ][gc,heap     ] GC(0) Humongous regions: 0->0
[2024-05-21T04:28:14.406+0000][74][info ][gc,metaspace] GC(0) Metaspace: 1001K(1152K)->1001K(1152K) NonClass: 932K(1024K)->932K(1024K) Class: 68K(128K)->68K(128K)
[2024-05-21T04:28:14.406+0000][74][info ][gc          ] GC(0) Pause Young (Normal) (G1 Evacuation Pause) 25M->3M(512M) 3.280ms
[2024-05-21T04:28:14.406+0000][74][info ][gc,cpu      ] GC(0) User=0.02s Sys=0.00s Real=0.01s
[2024-05-21T04:28:14.406+0000][74][info ][safepoint   ] Safepoint "G1CollectForAllocation", Time since last: 13396165 ns, Reaching safepoint: 1190 ns, Cleanup: 9160 ns, At safepoint: 3522421 ns, Total: 3532771 ns
[2024-05-21T04:28:14.619+0000][74][info ][safepoint   ] Safepoint "ICBufferFull", Time since last: 212460296 ns, Reaching safepoint: 2610 ns, Cleanup: 96402 ns, At safepoint: 2070 ns, Total: 101082 ns
[2024-05-21T04:28:14.795+0000][74][info ][safepoint   ] Safepoint "ICBufferFull", Time since last: 176012399 ns, Reaching safepoint: 2340 ns, Cleanup: 88012 ns, At safepoint: 17371 ns, Total: 107723 ns
[2024-05-21T04:28:15.001+0000][74][info ][safepoint   ] Safepoint "ICBufferFull", Time since last: 206240905 ns, Reaching safepoint: 1980 ns, Cleanup: 83212 ns, At safepoint: 1150 ns, Total: 86342 ns
[2024-05-21T04:28:15.166+0000][74][info ][safepoint   ] Safepoint "ICBufferFull", Time since last: 164479700 ns, Reaching safepoint: 2500 ns, Cleanup: 103373 ns, At safepoint: 1500 ns, Total: 107373 ns
[2024-05-21T04:28:15.420+0000][74][info ][gc,start    ] GC(1) Pause Young (Normal) (G1 Evacuation Pause)
[2024-05-21T04:28:15.420+0000][74][info ][gc,task     ] GC(1) Using 12 workers of 13 for evacuation
[2024-05-21T04:28:15.421+0000][74][debug][gc,age      ] GC(1) Desired survivor size 6291456 bytes, new threshold 15 (max threshold 15)
[2024-05-21T04:28:15.425+0000][74][info ][gc,phases   ] GC(1)   Pre Evacuate Collection Set: 0.2ms
[2024-05-21T04:28:15.425+0000][74][info ][gc,phases   ] GC(1)   Merge Heap Roots: 0.2ms
[2024-05-21T04:28:15.425+0000][74][info ][gc,phases   ] GC(1)   Evacuate Collection Set: 2.7ms
[2024-05-21T04:28:15.425+0000][74][info ][gc,phases   ] GC(1)   Post Evacuate Collection Set: 1.2ms
[2024-05-21T04:28:15.426+0000][74][info ][gc,phases   ] GC(1)   Other: 0.3ms
[2024-05-21T04:28:15.426+0000][74][trace][gc,age      ] GC(1) Age table with threshold 15 (max threshold 15)
[2024-05-21T04:28:15.426+0000][74][trace][gc,age      ] GC(1) - age   1:    6968712 bytes,    6968712 total
[2024-05-21T04:28:15.426+0000][74][trace][gc,age      ] GC(1) - age   2:    1808152 bytes,    8776864 total
[2024-05-21T04:28:15.426+0000][74][info ][gc,heap     ] GC(1) Eden regions: 22->0(24)
[2024-05-21T04:28:15.426+0000][74][info ][gc,heap     ] GC(1) Survivor regions: 1->3(3)
[2024-05-21T04:28:15.426+0000][74][info ][gc,heap     ] GC(1) Old regions: 1->1
[2024-05-21T04:28:15.426+0000][74][info ][gc,heap     ] GC(1) Humongous regions: 0->0
[2024-05-21T04:28:15.427+0000][74][info ][gc,metaspace] GC(1) Metaspace: 18328K(18816K)->18328K(18816K) NonClass: 16357K(16640K)->16357K(16640K) Class: 1971K(2176K)->1971K(2176K)
[2024-05-21T04:28:15.427+0000][74][info ][gc          ] GC(1) Pause Young (Normal) (G1 Evacuation Pause) 91M->9M(512M) 6.329ms
[2024-05-21T04:28:15.427+0000][74][info ][gc,cpu      ] GC(1) User=0.06s Sys=0.00s Real=0.01s
[2024-05-21T04:28:15.427+0000][74][info ][safepoint   ] Safepoint "G1CollectForAllocation", Time since last: 254331534 ns, Reaching safepoint: 2260 ns, Cleanup: 55211 ns, At safepoint: 6635055 ns, Total: 6692526 ns
[2024-05-21T04:28:15.588+0000][74][info ][safepoint   ] Safepoint "ICBufferFull", Time since last: 160862635 ns, Reaching safepoint: 2440 ns, Cleanup: 80992 ns, At safepoint: 1460 ns, Total: 84892 ns
[2024-05-21T04:28:15.724+0000][74][info ][gc,start    ] GC(2) Pause Young (Normal) (G1 Evacuation Pause)
[2024-05-21T04:28:15.724+0000][74][info ][gc,task     ] GC(2) Using 12 workers of 13 for evacuation
[2024-05-21T04:28:15.724+0000][74][debug][gc,age      ] GC(2) Desired survivor size 8388608 bytes, new threshold 2 (max threshold 15)
[2024-05-21T04:28:15.729+0000][74][info ][gc,phases   ] GC(2)   Pre Evacuate Collection Set: 0.2ms
[2024-05-21T04:28:15.729+0000][74][info ][gc,phases   ] GC(2)   Merge Heap Roots: 0.2ms
[2024-05-21T04:28:15.729+0000][74][info ][gc,phases   ] GC(2)   Evacuate Collection Set: 2.7ms
[2024-05-21T04:28:15.729+0000][74][info ][gc,phases   ] GC(2)   Post Evacuate Collection Set: 1.0ms
[2024-05-21T04:28:15.729+0000][74][info ][gc,phases   ] GC(2)   Other: 0.3ms
[2024-05-21T04:28:15.729+0000][74][trace][gc,age      ] GC(2) Age table with threshold 2 (max threshold 15)
[2024-05-21T04:28:15.729+0000][74][trace][gc,age      ] GC(2) - age   1:    2611472 bytes,    2611472 total
[2024-05-21T04:28:15.730+0000][74][trace][gc,age      ] GC(2) - age   2:    6021512 bytes,    8632984 total
[2024-05-21T04:28:15.730+0000][74][info ][gc,heap     ] GC(2) Eden regions: 24->0(73)
[2024-05-21T04:28:15.730+0000][74][info ][gc,heap     ] GC(2) Survivor regions: 3->3(4)
[2024-05-21T04:28:15.730+0000][74][info ][gc,heap     ] GC(2) Old regions: 1->2
[2024-05-21T04:28:15.730+0000][74][info ][gc,heap     ] GC(2) Humongous regions: 0->0
[2024-05-21T04:28:15.730+0000][74][info ][gc,metaspace] GC(2) Metaspace: 20708K(21184K)->20708K(21184K) NonClass: 18486K(18752K)->18486K(18752K) Class: 2221K(2432K)->2221K(2432K)
[2024-05-21T04:28:15.730+0000][74][info ][gc          ] GC(2) Pause Young (Normal) (G1 Evacuation Pause) 105M->11M(512M) 5.963ms
[2024-05-21T04:28:15.730+0000][74][info ][gc,cpu      ] GC(2) User=0.02s Sys=0.01s Real=0.00s
[2024-05-21T04:28:15.730+0000][74][info ][safepoint   ] Safepoint "G1CollectForAllocation", Time since last: 136184697 ns, Reaching safepoint: 2430 ns, Cleanup: 51882 ns, At safepoint: 6210892 ns, Total: 6265204 ns
[2024-05-21T04:28:15.810+0000][74][info ][gc,start    ] GC(3) Pause Young (Concurrent Start) (Metadata GC Threshold)
[2024-05-21T04:28:15.810+0000][74][info ][gc,task     ] GC(3) Using 12 workers of 13 for evacuation
[2024-05-21T04:28:15.810+0000][74][debug][gc,age      ] GC(3) Desired survivor size 20971520 bytes, new threshold 15 (max threshold 15)
[2024-05-21T04:28:15.813+0000][74][info ][gc,phases   ] GC(3)   Pre Evacuate Collection Set: 0.2ms
[2024-05-21T04:28:15.813+0000][74][info ][gc,phases   ] GC(3)   Merge Heap Roots: 0.2ms
[2024-05-21T04:28:15.813+0000][74][info ][gc,phases   ] GC(3)   Evacuate Collection Set: 1.8ms
[2024-05-21T04:28:15.813+0000][74][info ][gc,phases   ] GC(3)   Post Evacuate Collection Set: 1.0ms
[2024-05-21T04:28:15.814+0000][74][info ][gc,phases   ] GC(3)   Other: 0.2ms
[2024-05-21T04:28:15.814+0000][74][trace][gc,age      ] GC(3) Age table with threshold 15 (max threshold 15)
[2024-05-21T04:28:15.814+0000][74][trace][gc,age      ] GC(3) - age   1:     992512 bytes,     992512 total
[2024-05-21T04:28:15.814+0000][74][trace][gc,age      ] GC(3) - age   2:    2597136 bytes,    3589648 total
[2024-05-21T04:28:15.814+0000][74][trace][gc,age      ] GC(3) - age   3:    6019192 bytes,    9608840 total
[2024-05-21T04:28:15.814+0000][74][info ][gc,heap     ] GC(3) Eden regions: 19->0(73)
[2024-05-21T04:28:15.814+0000][74][info ][gc,heap     ] GC(3) Survivor regions: 3->3(10)
[2024-05-21T04:28:15.814+0000][74][info ][gc,heap     ] GC(3) Old regions: 2->2
[2024-05-21T04:28:15.814+0000][74][info ][gc,heap     ] GC(3) Humongous regions: 0->0
[2024-05-21T04:28:15.815+0000][74][info ][gc,metaspace] GC(3) Metaspace: 21001K(21504K)->21001K(21504K) NonClass: 18752K(19008K)->18752K(19008K) Class: 2248K(2496K)->2248K(2496K)
[2024-05-21T04:28:15.815+0000][74][info ][gc          ] GC(3) Pause Young (Concurrent Start) (Metadata GC Threshold) 85M->13M(512M) 5.134ms
[2024-05-21T04:28:15.815+0000][74][info ][gc,cpu      ] GC(3) User=0.03s Sys=0.01s Real=0.01s
[2024-05-21T04:28:15.815+0000][74][info ][gc          ] GC(4) Concurrent Mark Cycle
[2024-05-21T04:28:15.815+0000][74][info ][gc,marking  ] GC(4) Concurrent Scan Root Regions
[2024-05-21T04:28:15.815+0000][74][info ][safepoint   ] Safepoint "CollectForMetadataAllocation", Time since last: 79124974 ns, Reaching safepoint: 2630 ns, Cleanup: 35241 ns, At safepoint: 5442515 ns, Total: 5480386 ns
[2024-05-21T04:28:15.817+0000][74][info ][gc,marking  ] GC(4) Concurrent Scan Root Regions 1.476ms
[2024-05-21T04:28:15.817+0000][74][info ][gc,marking  ] GC(4) Concurrent Mark
[2024-05-21T04:28:15.817+0000][74][info ][gc,marking  ] GC(4) Concurrent Mark From Roots
[2024-05-21T04:28:15.817+0000][74][info ][gc,task     ] GC(4) Using 3 workers of 3 for marking
[2024-05-21T04:28:15.818+0000][74][info ][gc,marking  ] GC(4) Concurrent Mark From Roots 1.160ms
[2024-05-21T04:28:15.818+0000][74][info ][gc,marking  ] GC(4) Concurrent Preclean
[2024-05-21T04:28:15.818+0000][74][info ][gc,marking  ] GC(4) Concurrent Preclean 0.136ms
[2024-05-21T04:28:15.818+0000][74][info ][gc,start    ] GC(4) Pause Remark
[2024-05-21T04:28:15.820+0000][74][info ][gc          ] GC(4) Pause Remark 16M->16M(512M) 2.060ms
[2024-05-21T04:28:15.821+0000][74][info ][gc,cpu      ] GC(4) User=0.01s Sys=0.00s Real=0.00s
[2024-05-21T04:28:15.821+0000][74][info ][safepoint   ] Safepoint "G1PauseRemark", Time since last: 3436865 ns, Reaching safepoint: 1630 ns, Cleanup: 1040 ns, At safepoint: 2303606 ns, Total: 2306276 ns
[2024-05-21T04:28:15.821+0000][74][info ][gc,marking  ] GC(4) Concurrent Mark 4.162ms
[2024-05-21T04:28:15.821+0000][74][info ][gc,marking  ] GC(4) Concurrent Rebuild Remembered Sets and Scrub Regions
[2024-05-21T04:28:15.822+0000][74][info ][gc,marking  ] GC(4) Concurrent Rebuild Remembered Sets and Scrub Regions 0.757ms
[2024-05-21T04:28:15.822+0000][74][info ][gc,start    ] GC(4) Pause Cleanup
[2024-05-21T04:28:15.823+0000][74][info ][gc          ] GC(4) Pause Cleanup 16M->16M(512M) 0.372ms
[2024-05-21T04:28:15.823+0000][74][info ][gc,cpu      ] GC(4) User=0.00s Sys=0.00s Real=0.00s
[2024-05-21T04:28:15.823+0000][74][info ][safepoint   ] Safepoint "G1PauseCleanup", Time since last: 1199018 ns, Reaching safepoint: 349306 ns, Cleanup: 1560 ns, At safepoint: 658011 ns, Total: 1008877 ns
[2024-05-21T04:28:15.823+0000][74][info ][gc,marking  ] GC(4) Concurrent Clear Claimed Marks
[2024-05-21T04:28:15.823+0000][74][info ][gc,marking  ] GC(4) Concurrent Clear Claimed Marks 0.157ms
[2024-05-21T04:28:15.823+0000][74][info ][gc,marking  ] GC(4) Concurrent Cleanup for Next Mark
[2024-05-21T04:28:15.824+0000][74][info ][gc,marking  ] GC(4) Concurrent Cleanup for Next Mark 0.584ms
[2024-05-21T04:28:15.824+0000][74][info ][gc          ] GC(4) Concurrent Mark Cycle 9.339ms
[2024-05-21T04:28:16.077+0000][74][info ][safepoint   ] Safepoint "ICBufferFull", Time since last: 253757955 ns, Reaching safepoint: 91734 ns, Cleanup: 97133 ns, At safepoint: 71252 ns, Total: 260119 ns
[2024-05-21T04:28:16.390+0000][74][info ][safepoint   ] Safepoint "ICBufferFull", Time since last: 313262908 ns, Reaching safepoint: 2650 ns, Cleanup: 100102 ns, At safepoint: 17821 ns, Total: 120573 ns
[2024-05-21T04:28:16.423+0000][74][info ][gc,start    ] GC(5) Pause Young (Prepare Mixed) (G1 Evacuation Pause)
[2024-05-21T04:28:16.423+0000][74][info ][gc,task     ] GC(5) Using 12 workers of 13 for evacuation
[2024-05-21T04:28:16.423+0000][74][debug][gc,age      ] GC(5) Desired survivor size 20971520 bytes, new threshold 15 (max threshold 15)
[2024-05-21T04:28:16.428+0000][74][info ][gc,phases   ] GC(5)   Pre Evacuate Collection Set: 0.2ms
[2024-05-21T04:28:16.428+0000][74][info ][gc,phases   ] GC(5)   Merge Heap Roots: 0.1ms
[2024-05-21T04:28:16.428+0000][74][info ][gc,phases   ] GC(5)   Evacuate Collection Set: 3.3ms
[2024-05-21T04:28:16.428+0000][74][info ][gc,phases   ] GC(5)   Post Evacuate Collection Set: 1.2ms
[2024-05-21T04:28:16.429+0000][74][info ][gc,phases   ] GC(5)   Other: 0.3ms
[2024-05-21T04:28:16.429+0000][74][trace][gc,age      ] GC(5) Age table with threshold 15 (max threshold 15)
[2024-05-21T04:28:16.429+0000][74][trace][gc,age      ] GC(5) - age   1:    8583920 bytes,    8583920 total
[2024-05-21T04:28:16.429+0000][74][trace][gc,age      ] GC(5) - age   2:     877304 bytes,    9461224 total
[2024-05-21T04:28:16.429+0000][74][trace][gc,age      ] GC(5) - age   3:    2593440 bytes,   12054664 total
[2024-05-21T04:28:16.429+0000][74][trace][gc,age      ] GC(5) - age   4:    6014432 bytes,   18069096 total
[2024-05-21T04:28:16.429+0000][74][info ][gc,heap     ] GC(5) Eden regions: 73->0(71)
[2024-05-21T04:28:16.429+0000][74][info ][gc,heap     ] GC(5) Survivor regions: 3->5(10)
[2024-05-21T04:28:16.429+0000][74][info ][gc,heap     ] GC(5) Old regions: 2->2
[2024-05-21T04:28:16.429+0000][74][info ][gc,heap     ] GC(5) Humongous regions: 0->0
[2024-05-21T04:28:16.429+0000][74][info ][gc,metaspace] GC(5) Metaspace: 28022K(28736K)->28022K(28736K) NonClass: 24887K(25280K)->24887K(25280K) Class: 3134K(3456K)->3134K(3456K)
[2024-05-21T04:28:16.430+0000][74][info ][gc          ] GC(5) Pause Young (Prepare Mixed) (G1 Evacuation Pause) 305M->21M(512M) 6.662ms
[2024-05-21T04:28:16.430+0000][74][info ][gc,cpu      ] GC(5) User=0.03s Sys=0.00s Real=0.01s
[2024-05-21T04:28:16.430+0000][74][info ][safepoint   ] Safepoint "G1CollectForAllocation", Time since last: 32504336 ns, Reaching safepoint: 1920 ns, Cleanup: 12580 ns, At safepoint: 6889500 ns, Total: 6904000 ns
[2024-05-21T04:28:16.649+0000][74][info ][gc,start    ] GC(6) Pause Young (Mixed) (G1 Evacuation Pause)
[2024-05-21T04:28:16.649+0000][74][info ][gc,task     ] GC(6) Using 12 workers of 13 for evacuation
[2024-05-21T04:28:16.649+0000][74][debug][gc,age      ] GC(6) Desired survivor size 20971520 bytes, new threshold 15 (max threshold 15)
[2024-05-21T04:28:16.655+0000][74][info ][gc,phases   ] GC(6)   Pre Evacuate Collection Set: 0.2ms
[2024-05-21T04:28:16.655+0000][74][info ][gc,phases   ] GC(6)   Merge Heap Roots: 0.2ms
[2024-05-21T04:28:16.655+0000][74][info ][gc,phases   ] GC(6)   Evacuate Collection Set: 4.3ms
[2024-05-21T04:28:16.655+0000][74][info ][gc,phases   ] GC(6)   Post Evacuate Collection Set: 0.8ms
[2024-05-21T04:28:16.655+0000][74][info ][gc,phases   ] GC(6)   Other: 0.3ms
[2024-05-21T04:28:16.655+0000][74][trace][gc,age      ] GC(6) Age table with threshold 15 (max threshold 15)
[2024-05-21T04:28:16.656+0000][74][trace][gc,age      ] GC(6) - age   1:    3317152 bytes,    3317152 total
[2024-05-21T04:28:16.656+0000][74][trace][gc,age      ] GC(6) - age   2:    6964264 bytes,   10281416 total
[2024-05-21T04:28:16.656+0000][74][trace][gc,age      ] GC(6) - age   3:     877080 bytes,   11158496 total
[2024-05-21T04:28:16.656+0000][74][trace][gc,age      ] GC(6) - age   4:    2592224 bytes,   13750720 total
[2024-05-21T04:28:16.656+0000][74][trace][gc,age      ] GC(6) - age   5:    6014432 bytes,   19765152 total
[2024-05-21T04:28:16.656+0000][74][info ][gc,heap     ] GC(6) Eden regions: 71->0(70)
[2024-05-21T04:28:16.656+0000][74][info ][gc,heap     ] GC(6) Survivor regions: 5->6(10)
[2024-05-21T04:28:16.656+0000][74][info ][gc,heap     ] GC(6) Old regions: 2->1
[2024-05-21T04:28:16.656+0000][74][info ][gc,heap     ] GC(6) Humongous regions: 0->0
[2024-05-21T04:28:16.656+0000][74][info ][gc,metaspace] GC(6) Metaspace: 28716K(29504K)->28716K(29504K) NonClass: 25485K(25920K)->25485K(25920K) Class: 3230K(3584K)->3230K(3584K)
[2024-05-21T04:28:16.657+0000][74][info ][gc          ] GC(6) Pause Young (Mixed) (G1 Evacuation Pause) 305M->23M(512M) 7.599ms
[2024-05-21T04:28:16.657+0000][74][info ][gc,cpu      ] GC(6) User=0.02s Sys=0.02s Real=0.01s
[2024-05-21T04:28:16.657+0000][74][info ][safepoint   ] Safepoint "G1CollectForAllocation", Time since last: 219142411 ns, Reaching safepoint: 3640 ns, Cleanup: 50202 ns, At safepoint: 7854324 ns, Total: 7908166 ns
[2024-05-21T04:28:17.004+0000][74][info ][safepoint   ] Safepoint "ICBufferFull", Time since last: 346725495 ns, Reaching safepoint: 3600 ns, Cleanup: 116093 ns, At safepoint: 26421 ns, Total: 146114 ns
[2024-05-21T04:28:17.129+0000][74][info ][gc,start    ] GC(7) Pause Young (Normal) (G1 Evacuation Pause)
[2024-05-21T04:28:17.130+0000][74][info ][gc,task     ] GC(7) Using 12 workers of 13 for evacuation
[2024-05-21T04:28:17.130+0000][74][debug][gc,age      ] GC(7) Desired survivor size 20971520 bytes, new threshold 15 (max threshold 15)
[2024-05-21T04:28:17.135+0000][74][info ][gc,phases   ] GC(7)   Pre Evacuate Collection Set: 0.2ms
[2024-05-21T04:28:17.136+0000][74][info ][gc,phases   ] GC(7)   Merge Heap Roots: 0.2ms
[2024-05-21T04:28:17.136+0000][74][info ][gc,phases   ] GC(7)   Evacuate Collection Set: 3.9ms
[2024-05-21T04:28:17.136+0000][74][info ][gc,phases   ] GC(7)   Post Evacuate Collection Set: 1.4ms
[2024-05-21T04:28:17.136+0000][74][info ][gc,phases   ] GC(7)   Other: 0.2ms
[2024-05-21T04:28:17.136+0000][74][trace][gc,age      ] GC(7) Age table with threshold 15 (max threshold 15)
[2024-05-21T04:28:17.136+0000][74][trace][gc,age      ] GC(7) - age   1:    7790312 bytes,    7790312 total
[2024-05-21T04:28:17.136+0000][74][trace][gc,age      ] GC(7) - age   2:    2323568 bytes,   10113880 total
[2024-05-21T04:28:17.136+0000][74][trace][gc,age      ] GC(7) - age   3:    6962472 bytes,   17076352 total
[2024-05-21T04:28:17.136+0000][74][trace][gc,age      ] GC(7) - age   4:     877080 bytes,   17953432 total
[2024-05-21T04:28:17.136+0000][74][trace][gc,age      ] GC(7) - age   5:    2591952 bytes,   20545384 total
[2024-05-21T04:28:17.137+0000][74][trace][gc,age      ] GC(7) - age   6:    6012720 bytes,   26558104 total
[2024-05-21T04:28:17.137+0000][74][info ][gc,heap     ] GC(7) Eden regions: 70->0(69)
[2024-05-21T04:28:17.137+0000][74][info ][gc,heap     ] GC(7) Survivor regions: 6->7(10)
[2024-05-21T04:28:17.137+0000][74][info ][gc,heap     ] GC(7) Old regions: 1->1
[2024-05-21T04:28:17.137+0000][74][info ][gc,heap     ] GC(7) Humongous regions: 0->0
[2024-05-21T04:28:17.137+0000][74][info ][gc,metaspace] GC(7) Metaspace: 34509K(35392K)->34509K(35392K) NonClass: 30648K(31168K)->30648K(31168K) Class: 3860K(4224K)->3860K(4224K)
[2024-05-21T04:28:17.137+0000][74][info ][gc          ] GC(7) Pause Young (Normal) (G1 Evacuation Pause) 303M->30M(512M) 7.751ms
[2024-05-21T04:28:17.137+0000][74][info ][gc,cpu      ] GC(7) User=0.06s Sys=0.02s Real=0.01s
[2024-05-21T04:28:17.137+0000][74][info ][safepoint   ] Safepoint "G1CollectForAllocation", Time since last: 125675294 ns, Reaching safepoint: 3220 ns, Cleanup: 34611 ns, At safepoint: 8023629 ns, Total: 8061460 ns
[2024-05-21T04:28:17.164+0000][74][info ][gc,start    ] GC(8) Pause Young (Concurrent Start) (Metadata GC Threshold)
[2024-05-21T04:28:17.164+0000][74][info ][gc,task     ] GC(8) Using 12 workers of 13 for evacuation
[2024-05-21T04:28:17.164+0000][74][debug][gc,age      ] GC(8) Desired survivor size 20971520 bytes, new threshold 6 (max threshold 15)
[2024-05-21T04:28:17.170+0000][74][info ][gc,phases   ] GC(8)   Pre Evacuate Collection Set: 0.2ms
[2024-05-21T04:28:17.170+0000][74][info ][gc,phases   ] GC(8)   Merge Heap Roots: 0.1ms
[2024-05-21T04:28:17.170+0000][74][info ][gc,phases   ] GC(8)   Evacuate Collection Set: 4.7ms
[2024-05-21T04:28:17.171+0000][74][info ][gc,phases   ] GC(8)   Post Evacuate Collection Set: 0.7ms
[2024-05-21T04:28:17.171+0000][74][info ][gc,phases   ] GC(8)   Other: 0.2ms
[2024-05-21T04:28:17.171+0000][74][trace][gc,age      ] GC(8) Age table with threshold 6 (max threshold 15)
[2024-05-21T04:28:17.171+0000][74][trace][gc,age      ] GC(8) - age   1:     220376 bytes,     220376 total
[2024-05-21T04:28:17.171+0000][74][trace][gc,age      ] GC(8) - age   2:    7773920 bytes,    7994296 total
[2024-05-21T04:28:17.171+0000][74][trace][gc,age      ] GC(8) - age   3:    2322744 bytes,   10317040 total
[2024-05-21T04:28:17.171+0000][74][trace][gc,age      ] GC(8) - age   4:    6961056 bytes,   17278096 total
[2024-05-21T04:28:17.171+0000][74][trace][gc,age      ] GC(8) - age   5:     877080 bytes,   18155176 total
[2024-05-21T04:28:17.172+0000][74][trace][gc,age      ] GC(8) - age   6:    2591008 bytes,   20746184 total
[2024-05-21T04:28:17.172+0000][74][info ][gc,heap     ] GC(8) Eden regions: 2->0(70)
[2024-05-21T04:28:17.172+0000][74][info ][gc,heap     ] GC(8) Survivor regions: 7->6(10)
[2024-05-21T04:28:17.172+0000][74][info ][gc,heap     ] GC(8) Old regions: 1->3
[2024-05-21T04:28:17.172+0000][74][info ][gc,heap     ] GC(8) Humongous regions: 0->0
[2024-05-21T04:28:17.172+0000][74][info ][gc,metaspace] GC(8) Metaspace: 35342K(36160K)->35342K(36160K) NonClass: 31367K(31872K)->31367K(31872K) Class: 3975K(4288K)->3975K(4288K)
[2024-05-21T04:28:17.172+0000][74][info ][gc          ] GC(8) Pause Young (Concurrent Start) (Metadata GC Threshold) 36M->31M(512M) 8.283ms
[2024-05-21T04:28:17.173+0000][74][info ][gc,cpu      ] GC(8) User=0.05s Sys=0.01s Real=0.00s
[2024-05-21T04:28:17.173+0000][74][info ][gc          ] GC(9) Concurrent Mark Cycle
[2024-05-21T04:28:17.173+0000][74][info ][gc,marking  ] GC(9) Concurrent Scan Root Regions
[2024-05-21T04:28:17.173+0000][74][info ][safepoint   ] Safepoint "CollectForMetadataAllocation", Time since last: 26605319 ns, Reaching safepoint: 2950 ns, Cleanup: 9130 ns, At safepoint: 8736728 ns, Total: 8748808 ns
[2024-05-21T04:28:17.176+0000][74][info ][gc,marking  ] GC(9) Concurrent Scan Root Regions 3.549ms
[2024-05-21T04:28:17.177+0000][74][info ][gc,marking  ] GC(9) Concurrent Mark
[2024-05-21T04:28:17.177+0000][74][info ][gc,marking  ] GC(9) Concurrent Mark From Roots
[2024-05-21T04:28:17.177+0000][74][info ][gc,task     ] GC(9) Using 3 workers of 3 for marking
[2024-05-21T04:28:17.179+0000][74][info ][gc,marking  ] GC(9) Concurrent Mark From Roots 2.529ms
[2024-05-21T04:28:17.179+0000][74][info ][gc,marking  ] GC(9) Concurrent Preclean
[2024-05-21T04:28:17.179+0000][74][info ][gc,marking  ] GC(9) Concurrent Preclean 0.129ms
[2024-05-21T04:28:17.180+0000][74][info ][gc,start    ] GC(9) Pause Remark
[2024-05-21T04:28:17.183+0000][74][info ][gc          ] GC(9) Pause Remark 33M->33M(512M) 3.100ms
[2024-05-21T04:28:17.183+0000][74][info ][gc,cpu      ] GC(9) User=0.02s Sys=0.01s Real=0.00s
[2024-05-21T04:28:17.184+0000][74][info ][safepoint   ] Safepoint "G1PauseRemark", Time since last: 6938691 ns, Reaching safepoint: 87352 ns, Cleanup: 4041 ns, At safepoint: 3820954 ns, Total: 3912347 ns
[2024-05-21T04:28:17.184+0000][74][info ][gc,marking  ] GC(9) Concurrent Mark 7.425ms
[2024-05-21T04:28:17.184+0000][74][info ][gc,marking  ] GC(9) Concurrent Rebuild Remembered Sets and Scrub Regions
[2024-05-21T04:28:17.186+0000][74][info ][gc,marking  ] GC(9) Concurrent Rebuild Remembered Sets and Scrub Regions 1.741ms
[2024-05-21T04:28:17.186+0000][74][info ][gc,start    ] GC(9) Pause Cleanup
[2024-05-21T04:28:17.187+0000][74][info ][gc          ] GC(9) Pause Cleanup 33M->33M(512M) 0.320ms
[2024-05-21T04:28:17.187+0000][74][info ][gc,cpu      ] GC(9) User=0.00s Sys=0.00s Real=0.00s
[2024-05-21T04:28:17.187+0000][74][info ][safepoint   ] Safepoint "G1PauseCleanup", Time since last: 2590274 ns, Reaching safepoint: 87252 ns, Cleanup: 6050 ns, At safepoint: 697198 ns, Total: 790500 ns
[2024-05-21T04:28:17.187+0000][74][info ][gc,marking  ] GC(9) Concurrent Clear Claimed Marks
[2024-05-21T04:28:17.188+0000][74][info ][gc,marking  ] GC(9) Concurrent Clear Claimed Marks 0.281ms
[2024-05-21T04:28:17.188+0000][74][info ][gc,marking  ] GC(9) Concurrent Cleanup for Next Mark
[2024-05-21T04:28:17.188+0000][74][info ][gc,marking  ] GC(9) Concurrent Cleanup for Next Mark 0.544ms
[2024-05-21T04:28:17.189+0000][74][info ][gc          ] GC(9) Concurrent Mark Cycle 16.356ms
[2024-05-21T04:28:17.447+0000][74][info ][gc,start    ] GC(10) Pause Young (Normal) (G1 Evacuation Pause)
[2024-05-21T04:28:17.447+0000][74][info ][gc,task     ] GC(10) Using 12 workers of 13 for evacuation
[2024-05-21T04:28:17.448+0000][74][debug][gc,age      ] GC(10) Desired survivor size 20971520 bytes, new threshold 15 (max threshold 15)
[2024-05-21T04:28:17.452+0000][74][info ][gc,phases   ] GC(10)   Pre Evacuate Collection Set: 0.2ms
[2024-05-21T04:28:17.452+0000][74][info ][gc,phases   ] GC(10)   Merge Heap Roots: 0.2ms
[2024-05-21T04:28:17.452+0000][74][info ][gc,phases   ] GC(10)   Evacuate Collection Set: 3.4ms
[2024-05-21T04:28:17.453+0000][74][info ][gc,phases   ] GC(10)   Post Evacuate Collection Set: 0.7ms
[2024-05-21T04:28:17.453+0000][74][info ][gc,phases   ] GC(10)   Other: 0.3ms
[2024-05-21T04:28:17.453+0000][74][trace][gc,age      ] GC(10) Age table with threshold 15 (max threshold 15)
[2024-05-21T04:28:17.453+0000][74][trace][gc,age      ] GC(10) - age   1:    1776912 bytes,    1776912 total
[2024-05-21T04:28:17.453+0000][74][trace][gc,age      ] GC(10) - age   2:     202648 bytes,    1979560 total
[2024-05-21T04:28:17.453+0000][74][trace][gc,age      ] GC(10) - age   3:    7771872 bytes,    9751432 total
[2024-05-21T04:28:17.453+0000][74][trace][gc,age      ] GC(10) - age   4:    2322584 bytes,   12074016 total
[2024-05-21T04:28:17.453+0000][74][trace][gc,age      ] GC(10) - age   5:    6956544 bytes,   19030560 total
[2024-05-21T04:28:17.453+0000][74][trace][gc,age      ] GC(10) - age   6:     876952 bytes,   19907512 total
[2024-05-21T04:28:17.454+0000][74][trace][gc,age      ] GC(10) - age   7:    2571088 bytes,   22478600 total
[2024-05-21T04:28:17.454+0000][74][info ][gc,heap     ] GC(10) Eden regions: 70->0(70)
[2024-05-21T04:28:17.454+0000][74][info ][gc,heap     ] GC(10) Survivor regions: 6->6(10)
[2024-05-21T04:28:17.454+0000][74][info ][gc,heap     ] GC(10) Old regions: 3->3
[2024-05-21T04:28:17.454+0000][74][info ][gc,heap     ] GC(10) Humongous regions: 0->0
[2024-05-21T04:28:17.454+0000][74][info ][gc,metaspace] GC(10) Metaspace: 36564K(37504K)->36564K(37504K) NonClass: 32434K(33024K)->32434K(33024K) Class: 4130K(4480K)->4130K(4480K)
[2024-05-21T04:28:17.454+0000][74][info ][gc          ] GC(10) Pause Young (Normal) (G1 Evacuation Pause) 311M->31M(512M) 7.047ms
[2024-05-21T04:28:17.454+0000][74][info ][gc,cpu      ] GC(10) User=0.04s Sys=0.01s Real=0.01s
[2024-05-21T04:28:17.454+0000][74][info ][safepoint   ] Safepoint "G1CollectForAllocation", Time since last: 260171999 ns, Reaching safepoint: 3400 ns, Cleanup: 58531 ns, At safepoint: 7285041 ns, Total: 7346972 ns
[2024-05-21T04:28:17.822+0000][74][info ][safepoint   ] Safepoint "ICBufferFull", Time since last: 367146900 ns, Reaching safepoint: 2970 ns, Cleanup: 128193 ns, At safepoint: 2240 ns, Total: 133403 ns
[2024-05-21T04:28:18.062+0000][74][info ][gc,start    ] GC(11) Pause Young (Normal) (G1 Evacuation Pause)
[2024-05-21T04:28:18.062+0000][74][info ][gc,task     ] GC(11) Using 12 workers of 13 for evacuation
[2024-05-21T04:28:18.062+0000][74][debug][gc,age      ] GC(11) Desired survivor size 20971520 bytes, new threshold 7 (max threshold 15)
[2024-05-21T04:28:18.068+0000][74][info ][gc,phases   ] GC(11)   Pre Evacuate Collection Set: 0.2ms
[2024-05-21T04:28:18.068+0000][74][info ][gc,phases   ] GC(11)   Merge Heap Roots: 0.1ms
[2024-05-21T04:28:18.068+0000][74][info ][gc,phases   ] GC(11)   Evacuate Collection Set: 4.3ms
[2024-05-21T04:28:18.068+0000][74][info ][gc,phases   ] GC(11)   Post Evacuate Collection Set: 0.8ms
[2024-05-21T04:28:18.068+0000][74][info ][gc,phases   ] GC(11)   Other: 0.3ms
[2024-05-21T04:28:18.068+0000][74][trace][gc,age      ] GC(11) Age table with threshold 7 (max threshold 15)
[2024-05-21T04:28:18.068+0000][74][trace][gc,age      ] GC(11) - age   1:    6395168 bytes,    6395168 total
[2024-05-21T04:28:18.069+0000][74][trace][gc,age      ] GC(11) - age   2:    1420832 bytes,    7816000 total
[2024-05-21T04:28:18.069+0000][74][trace][gc,age      ] GC(11) - age   3:     195824 bytes,    8011824 total
[2024-05-21T04:28:18.069+0000][74][trace][gc,age      ] GC(11) - age   4:    7748424 bytes,   15760248 total
[2024-05-21T04:28:18.069+0000][74][trace][gc,age      ] GC(11) - age   5:    2303144 bytes,   18063392 total
[2024-05-21T04:28:18.069+0000][74][trace][gc,age      ] GC(11) - age   6:    6932672 bytes,   24996064 total
[2024-05-21T04:28:18.069+0000][74][trace][gc,age      ] GC(11) - age   7:     871624 bytes,   25867688 total
[2024-05-21T04:28:18.069+0000][74][info ][gc,heap     ] GC(11) Eden regions: 70->0(69)
[2024-05-21T04:28:18.069+0000][74][info ][gc,heap     ] GC(11) Survivor regions: 6->7(10)
[2024-05-21T04:28:18.069+0000][74][info ][gc,heap     ] GC(11) Old regions: 3->3
[2024-05-21T04:28:18.070+0000][74][info ][gc,heap     ] GC(11) Humongous regions: 0->0
[2024-05-21T04:28:18.070+0000][74][info ][gc,metaspace] GC(11) Metaspace: 47283K(48384K)->47283K(48384K) NonClass: 41831K(42496K)->41831K(42496K) Class: 5452K(5888K)->5452K(5888K)
[2024-05-21T04:28:18.070+0000][74][info ][gc          ] GC(11) Pause Young (Normal) (G1 Evacuation Pause) 311M->38M(512M) 8.007ms
[2024-05-21T04:28:18.070+0000][74][info ][gc,cpu      ] GC(11) User=0.04s Sys=0.00s Real=0.01s
[2024-05-21T04:28:18.070+0000][74][info ][safepoint   ] Safepoint "G1CollectForAllocation", Time since last: 239848566 ns, Reaching safepoint: 85393 ns, Cleanup: 60852 ns, At safepoint: 8329634 ns, Total: 8475879 ns
[2024-05-21T04:28:18.604+0000][74][info ][gc,start    ] GC(12) Pause Young (Concurrent Start) (Metadata GC Threshold)
[2024-05-21T04:28:18.604+0000][74][info ][gc,task     ] GC(12) Using 12 workers of 13 for evacuation
[2024-05-21T04:28:18.604+0000][74][debug][gc,age      ] GC(12) Desired survivor size 20971520 bytes, new threshold 6 (max threshold 15)
[2024-05-21T04:28:18.611+0000][74][info ][gc,phases   ] GC(12)   Pre Evacuate Collection Set: 0.2ms
[2024-05-21T04:28:18.611+0000][74][info ][gc,phases   ] GC(12)   Merge Heap Roots: 0.1ms
[2024-05-21T04:28:18.611+0000][74][info ][gc,phases   ] GC(12)   Evacuate Collection Set: 5.1ms
[2024-05-21T04:28:18.611+0000][74][info ][gc,phases   ] GC(12)   Post Evacuate Collection Set: 1.0ms
[2024-05-21T04:28:18.612+0000][74][info ][gc,phases   ] GC(12)   Other: 0.4ms
[2024-05-21T04:28:18.612+0000][74][trace][gc,age      ] GC(12) Age table with threshold 6 (max threshold 15)
[2024-05-21T04:28:18.612+0000][74][trace][gc,age      ] GC(12) - age   1:    2556584 bytes,    2556584 total
[2024-05-21T04:28:18.612+0000][74][trace][gc,age      ] GC(12) - age   2:    6210216 bytes,    8766800 total
[2024-05-21T04:28:18.612+0000][74][trace][gc,age      ] GC(12) - age   3:    1420032 bytes,   10186832 total
[2024-05-21T04:28:18.613+0000][74][trace][gc,age      ] GC(12) - age   4:     190512 bytes,   10377344 total
[2024-05-21T04:28:18.613+0000][74][trace][gc,age      ] GC(12) - age   5:    7744928 bytes,   18122272 total
[2024-05-21T04:28:18.613+0000][74][trace][gc,age      ] GC(12) - age   6:    2301832 bytes,   20424104 total
[2024-05-21T04:28:18.613+0000][74][info ][gc,heap     ] GC(12) Eden regions: 35->0(70)
[2024-05-21T04:28:18.613+0000][74][info ][gc,heap     ] GC(12) Survivor regions: 7->6(10)
[2024-05-21T04:28:18.613+0000][74][info ][gc,heap     ] GC(12) Old regions: 3->5
[2024-05-21T04:28:18.613+0000][74][info ][gc,heap     ] GC(12) Humongous regions: 0->0
[2024-05-21T04:28:18.614+0000][74][info ][gc,metaspace] GC(12) Metaspace: 59226K(60480K)->59226K(60480K) NonClass: 51907K(52608K)->51907K(52608K) Class: 7318K(7872K)->7318K(7872K)
[2024-05-21T04:28:18.614+0000][74][info ][gc          ] GC(12) Pause Young (Concurrent Start) (Metadata GC Threshold) 176M->41M(512M) 9.840ms
[2024-05-21T04:28:18.614+0000][74][info ][gc,cpu      ] GC(12) User=0.05s Sys=0.00s Real=0.01s
[2024-05-21T04:28:18.614+0000][74][info ][gc          ] GC(13) Concurrent Mark Cycle
[2024-05-21T04:28:18.614+0000][74][info ][gc,marking  ] GC(13) Concurrent Scan Root Regions
[2024-05-21T04:28:18.614+0000][74][info ][safepoint   ] Safepoint "CollectForMetadataAllocation", Time since last: 533640797 ns, Reaching safepoint: 2800 ns, Cleanup: 49462 ns, At safepoint: 10196423 ns, Total: 10248685 ns
[2024-05-21T04:28:18.617+0000][74][info ][gc,marking  ] GC(13) Concurrent Scan Root Regions 3.285ms
[2024-05-21T04:28:18.618+0000][74][info ][gc,marking  ] GC(13) Concurrent Mark
[2024-05-21T04:28:18.618+0000][74][info ][gc,marking  ] GC(13) Concurrent Mark From Roots
[2024-05-21T04:28:18.618+0000][74][info ][gc,task     ] GC(13) Using 3 workers of 3 for marking
[2024-05-21T04:28:18.622+0000][74][info ][gc,marking  ] GC(13) Concurrent Mark From Roots 3.914ms
[2024-05-21T04:28:18.622+0000][74][info ][gc,marking  ] GC(13) Concurrent Preclean
[2024-05-21T04:28:18.622+0000][74][info ][gc,marking  ] GC(13) Concurrent Preclean 0.146ms
[2024-05-21T04:28:18.622+0000][74][info ][gc,start    ] GC(13) Pause Remark
[2024-05-21T04:28:18.627+0000][74][info ][gc          ] GC(13) Pause Remark 45M->45M(512M) 5.317ms
[2024-05-21T04:28:18.628+0000][74][info ][gc,cpu      ] GC(13) User=0.05s Sys=0.00s Real=0.01s
[2024-05-21T04:28:18.628+0000][74][info ][safepoint   ] Safepoint "G1PauseRemark", Time since last: 8050638 ns, Reaching safepoint: 58602 ns, Cleanup: 1410 ns, At safepoint: 5633590 ns, Total: 5693602 ns
[2024-05-21T04:28:18.628+0000][74][info ][gc,marking  ] GC(13) Concurrent Mark 10.341ms
[2024-05-21T04:28:18.628+0000][74][info ][gc,marking  ] GC(13) Concurrent Rebuild Remembered Sets and Scrub Regions
[2024-05-21T04:28:18.630+0000][74][info ][gc,marking  ] GC(13) Concurrent Rebuild Remembered Sets and Scrub Regions 1.782ms
[2024-05-21T04:28:18.630+0000][74][info ][gc,start    ] GC(13) Pause Cleanup
[2024-05-21T04:28:18.630+0000][74][info ][gc          ] GC(13) Pause Cleanup 45M->45M(512M) 0.288ms
[2024-05-21T04:28:18.631+0000][74][info ][gc,cpu      ] GC(13) User=0.00s Sys=0.00s Real=0.00s
[2024-05-21T04:28:18.631+0000][74][info ][safepoint   ] Safepoint "G1PauseCleanup", Time since last: 2254486 ns, Reaching safepoint: 83992 ns, Cleanup: 7940 ns, At safepoint: 590425 ns, Total: 682357 ns
[2024-05-21T04:28:18.631+0000][74][info ][gc,marking  ] GC(13) Concurrent Clear Claimed Marks
[2024-05-21T04:28:18.631+0000][74][info ][gc,marking  ] GC(13) Concurrent Clear Claimed Marks 0.138ms
[2024-05-21T04:28:18.631+0000][74][info ][gc,marking  ] GC(13) Concurrent Cleanup for Next Mark
[2024-05-21T04:28:18.632+0000][74][info ][gc,marking  ] GC(13) Concurrent Cleanup for Next Mark 0.473ms
[2024-05-21T04:28:18.632+0000][74][info ][gc          ] GC(13) Concurrent Mark Cycle 17.907ms
[2024-05-21T04:28:19.321+0000][74][info ][safepoint   ] Safepoint "ICBufferFull", Time since last: 690249379 ns, Reaching safepoint: 3490 ns, Cleanup: 104463 ns, At safepoint: 39241 ns, Total: 147194 ns
[2024-05-21T04:28:19.713+0000][74][info ][gc,start    ] GC(14) Pause Young (Normal) (G1 Evacuation Pause)
[2024-05-21T04:28:19.713+0000][74][info ][gc,task     ] GC(14) Using 12 workers of 13 for evacuation
[2024-05-21T04:28:19.713+0000][74][debug][gc,age      ] GC(14) Desired survivor size 20971520 bytes, new threshold 15 (max threshold 15)
[2024-05-21T04:28:19.721+0000][74][info ][gc,phases   ] GC(14)   Pre Evacuate Collection Set: 0.2ms
[2024-05-21T04:28:19.721+0000][74][info ][gc,phases   ] GC(14)   Merge Heap Roots: 0.1ms
[2024-05-21T04:28:19.721+0000][74][info ][gc,phases   ] GC(14)   Evacuate Collection Set: 6.2ms
[2024-05-21T04:28:19.722+0000][74][info ][gc,phases   ] GC(14)   Post Evacuate Collection Set: 1.2ms
[2024-05-21T04:28:19.722+0000][74][info ][gc,phases   ] GC(14)   Other: 0.3ms
[2024-05-21T04:28:19.722+0000][74][trace][gc,age      ] GC(14) Age table with threshold 15 (max threshold 15)
[2024-05-21T04:28:19.722+0000][74][trace][gc,age      ] GC(14) - age   1:   15847384 bytes,   15847384 total
[2024-05-21T04:28:19.722+0000][74][trace][gc,age      ] GC(14) - age   2:    2350344 bytes,   18197728 total
[2024-05-21T04:28:19.722+0000][74][trace][gc,age      ] GC(14) - age   3:    6157064 bytes,   24354792 total
[2024-05-21T04:28:19.722+0000][74][trace][gc,age      ] GC(14) - age   4:    1417592 bytes,   25772384 total
[2024-05-21T04:28:19.722+0000][74][trace][gc,age      ] GC(14) - age   5:     190128 bytes,   25962512 total
[2024-05-21T04:28:19.723+0000][74][trace][gc,age      ] GC(14) - age   6:    7742568 bytes,   33705080 total
[2024-05-21T04:28:19.723+0000][74][trace][gc,age      ] GC(14) - age   7:    2299280 bytes,   36004360 total
[2024-05-21T04:28:19.723+0000][74][info ][gc,heap     ] GC(14) Eden regions: 70->0(66)
[2024-05-21T04:28:19.723+0000][74][info ][gc,heap     ] GC(14) Survivor regions: 6->10(10)
[2024-05-21T04:28:19.723+0000][74][info ][gc,heap     ] GC(14) Old regions: 5->5
[2024-05-21T04:28:19.723+0000][74][info ][gc,heap     ] GC(14) Humongous regions: 0->0
[2024-05-21T04:28:19.723+0000][74][info ][gc,metaspace] GC(14) Metaspace: 66686K(68288K)->66686K(68288K) NonClass: 58133K(59072K)->58133K(59072K) Class: 8552K(9216K)->8552K(9216K)
[2024-05-21T04:28:19.723+0000][74][info ][gc          ] GC(14) Pause Young (Normal) (G1 Evacuation Pause) 321M->56M(512M) 10.582ms
[2024-05-21T04:28:19.724+0000][74][info ][gc,cpu      ] GC(14) User=0.08s Sys=0.01s Real=0.01s
[2024-05-21T04:28:19.724+0000][74][info ][safepoint   ] Safepoint "G1CollectForAllocation", Time since last: 391765857 ns, Reaching safepoint: 3410 ns, Cleanup: 34831 ns, At safepoint: 10905393 ns, Total: 10943634 ns
[2024-05-21T04:28:19.963+0000][74][info ][safepoint   ] Safepoint "ICBufferFull", Time since last: 238783548 ns, Reaching safepoint: 4200 ns, Cleanup: 104543 ns, At safepoint: 2300 ns, Total: 111043 ns
[2024-05-21T04:28:20.375+0000][74][info ][gc,start    ] GC(15) Pause Young (Normal) (G1 Evacuation Pause)
[2024-05-21T04:28:20.375+0000][74][info ][gc,task     ] GC(15) Using 12 workers of 13 for evacuation
[2024-05-21T04:28:20.375+0000][74][debug][gc,age      ] GC(15) Desired survivor size 20971520 bytes, new threshold 3 (max threshold 15)
[2024-05-21T04:28:20.383+0000][74][info ][gc,phases   ] GC(15)   Pre Evacuate Collection Set: 0.2ms
[2024-05-21T04:28:20.383+0000][74][info ][gc,phases   ] GC(15)   Merge Heap Roots: 0.2ms
[2024-05-21T04:28:20.383+0000][74][info ][gc,phases   ] GC(15)   Evacuate Collection Set: 6.5ms
[2024-05-21T04:28:20.383+0000][74][info ][gc,phases   ] GC(15)   Post Evacuate Collection Set: 0.8ms
[2024-05-21T04:28:20.384+0000][74][info ][gc,phases   ] GC(15)   Other: 0.3ms
[2024-05-21T04:28:20.384+0000][74][trace][gc,age      ] GC(15) Age table with threshold 3 (max threshold 15)
[2024-05-21T04:28:20.384+0000][74][trace][gc,age      ] GC(15) - age   1:    3185632 bytes,    3185632 total
[2024-05-21T04:28:20.384+0000][74][trace][gc,age      ] GC(15) - age   2:   15720960 bytes,   18906592 total
[2024-05-21T04:28:20.384+0000][74][trace][gc,age      ] GC(15) - age   3:    2346344 bytes,   21252936 total
[2024-05-21T04:28:20.384+0000][74][info ][gc,heap     ] GC(15) Eden regions: 66->0(70)
[2024-05-21T04:28:20.384+0000][74][info ][gc,heap     ] GC(15) Survivor regions: 10->6(10)
[2024-05-21T04:28:20.384+0000][74][info ][gc,heap     ] GC(15) Old regions: 5->10
[2024-05-21T04:28:20.385+0000][74][info ][gc,heap     ] GC(15) Humongous regions: 0->0
[2024-05-21T04:28:20.385+0000][74][info ][gc,metaspace] GC(15) Metaspace: 69496K(71040K)->69496K(71040K) NonClass: 60563K(61440K)->60563K(61440K) Class: 8932K(9600K)->8932K(9600K)
[2024-05-21T04:28:20.385+0000][74][info ][gc          ] GC(15) Pause Young (Normal) (G1 Evacuation Pause) 320M->59M(512M) 9.938ms
[2024-05-21T04:28:20.385+0000][74][info ][gc,cpu      ] GC(15) User=0.06s Sys=0.01s Real=0.01s
[2024-05-21T04:28:20.385+0000][74][info ][safepoint   ] Safepoint "G1CollectForAllocation", Time since last: 412164176 ns, Reaching safepoint: 3950 ns, Cleanup: 36361 ns, At safepoint: 10228434 ns, Total: 10268745 ns
[2024-05-21T04:28:21.001+0000][74][info ][safepoint   ] Safepoint "ICBufferFull", Time since last: 615275080 ns, Reaching safepoint: 2740 ns, Cleanup: 129914 ns, At safepoint: 46781 ns, Total: 179435 ns
[2024-05-21T04:28:21.571+0000][74][info ][safepoint   ] Safepoint "ICBufferFull", Time since last: 569746202 ns, Reaching safepoint: 2950 ns, Cleanup: 138054 ns, At safepoint: 75761 ns, Total: 216765 ns
[2024-05-21T04:28:21.613+0000][74][info ][gc,start    ] GC(16) Pause Young (Concurrent Start) (Metadata GC Threshold)
[2024-05-21T04:28:21.614+0000][74][info ][gc,task     ] GC(16) Using 12 workers of 13 for evacuation
[2024-05-21T04:28:21.614+0000][74][debug][gc,age      ] GC(16) Desired survivor size 20971520 bytes, new threshold 3 (max threshold 15)
[2024-05-21T04:28:21.622+0000][74][info ][gc,phases   ] GC(16)   Pre Evacuate Collection Set: 0.3ms
[2024-05-21T04:28:21.622+0000][74][info ][gc,phases   ] GC(16)   Merge Heap Roots: 0.2ms
[2024-05-21T04:28:21.622+0000][74][info ][gc,phases   ] GC(16)   Evacuate Collection Set: 6.1ms
[2024-05-21T04:28:21.622+0000][74][info ][gc,phases   ] GC(16)   Post Evacuate Collection Set: 1.3ms
[2024-05-21T04:28:21.622+0000][74][info ][gc,phases   ] GC(16)   Other: 0.4ms
[2024-05-21T04:28:21.622+0000][74][trace][gc,age      ] GC(16) Age table with threshold 3 (max threshold 15)
[2024-05-21T04:28:21.622+0000][74][trace][gc,age      ] GC(16) - age   1:   10282896 bytes,   10282896 total
[2024-05-21T04:28:21.623+0000][74][trace][gc,age      ] GC(16) - age   2:    3084736 bytes,   13367632 total
[2024-05-21T04:28:21.623+0000][74][trace][gc,age      ] GC(16) - age   3:   15701488 bytes,   29069120 total
[2024-05-21T04:28:21.623+0000][74][info ][gc,heap     ] GC(16) Eden regions: 65->0(68)
[2024-05-21T04:28:21.623+0000][74][info ][gc,heap     ] GC(16) Survivor regions: 6->8(10)
[2024-05-21T04:28:21.623+0000][74][info ][gc,heap     ] GC(16) Old regions: 10->10
[2024-05-21T04:28:21.623+0000][74][info ][gc,heap     ] GC(16) Humongous regions: 0->0
[2024-05-21T04:28:21.623+0000][74][info ][gc,metaspace] GC(16) Metaspace: 99292K(101056K)->99292K(101056K) NonClass: 86290K(87296K)->86290K(87296K) Class: 13002K(13760K)->13002K(13760K)
[2024-05-21T04:28:21.623+0000][74][info ][gc          ] GC(16) Pause Young (Concurrent Start) (Metadata GC Threshold) 317M->69M(512M) 10.162ms
[2024-05-21T04:28:21.624+0000][74][info ][gc,cpu      ] GC(16) User=0.08s Sys=0.01s Real=0.01s
[2024-05-21T04:28:21.624+0000][74][info ][gc          ] GC(17) Concurrent Mark Cycle
[2024-05-21T04:28:21.624+0000][74][info ][gc,marking  ] GC(17) Concurrent Scan Root Regions
[2024-05-21T04:28:21.624+0000][74][info ][safepoint   ] Safepoint "CollectForMetadataAllocation", Time since last: 42747539 ns, Reaching safepoint: 3221 ns, Cleanup: 16250 ns, At safepoint: 10508231 ns, Total: 10527702 ns
[2024-05-21T04:28:21.631+0000][74][info ][gc,marking  ] GC(17) Concurrent Scan Root Regions 7.354ms
[2024-05-21T04:28:21.631+0000][74][info ][gc,marking  ] GC(17) Concurrent Mark
[2024-05-21T04:28:21.631+0000][74][info ][gc,marking  ] GC(17) Concurrent Mark From Roots
[2024-05-21T04:28:21.632+0000][74][info ][gc,task     ] GC(17) Using 3 workers of 3 for marking
[2024-05-21T04:28:21.641+0000][74][info ][gc,marking  ] GC(17) Concurrent Mark From Roots 9.061ms
[2024-05-21T04:28:21.641+0000][74][info ][gc,marking  ] GC(17) Concurrent Preclean
[2024-05-21T04:28:21.641+0000][74][info ][gc,marking  ] GC(17) Concurrent Preclean 0.231ms
[2024-05-21T04:28:21.641+0000][74][info ][gc,start    ] GC(17) Pause Remark
[2024-05-21T04:28:21.645+0000][74][info ][gc          ] GC(17) Pause Remark 72M->72M(512M) 3.575ms
[2024-05-21T04:28:21.645+0000][74][info ][gc,cpu      ] GC(17) User=0.04s Sys=0.00s Real=0.01s
[2024-05-21T04:28:21.645+0000][74][info ][safepoint   ] Safepoint "G1PauseRemark", Time since last: 17312424 ns, Reaching safepoint: 86887 ns, Cleanup: 5660 ns, At safepoint: 3956898 ns, Total: 4049445 ns
[2024-05-21T04:28:21.645+0000][74][info ][gc,marking  ] GC(17) Concurrent Mark 13.973ms
[2024-05-21T04:28:21.645+0000][74][info ][gc,marking  ] GC(17) Concurrent Rebuild Remembered Sets and Scrub Regions
[2024-05-21T04:28:21.650+0000][74][info ][gc,marking  ] GC(17) Concurrent Rebuild Remembered Sets and Scrub Regions 4.542ms
[2024-05-21T04:28:21.650+0000][74][info ][gc,start    ] GC(17) Pause Cleanup
[2024-05-21T04:28:21.651+0000][74][info ][gc          ] GC(17) Pause Cleanup 72M->72M(512M) 0.322ms
[2024-05-21T04:28:21.651+0000][74][info ][gc,cpu      ] GC(17) User=0.00s Sys=0.00s Real=0.00s
[2024-05-21T04:28:21.651+0000][74][info ][safepoint   ] Safepoint "G1PauseCleanup", Time since last: 5043055 ns, Reaching safepoint: 79422 ns, Cleanup: 13040 ns, At safepoint: 693438 ns, Total: 785900 ns
[2024-05-21T04:28:21.651+0000][74][info ][gc,marking  ] GC(17) Concurrent Clear Claimed Marks
[2024-05-21T04:28:21.651+0000][74][info ][gc,marking  ] GC(17) Concurrent Clear Claimed Marks 0.203ms
[2024-05-21T04:28:21.652+0000][74][info ][gc,marking  ] GC(17) Concurrent Cleanup for Next Mark
[2024-05-21T04:28:21.652+0000][74][info ][gc,marking  ] GC(17) Concurrent Cleanup for Next Mark 0.580ms
[2024-05-21T04:28:21.652+0000][74][info ][gc          ] GC(17) Concurrent Mark Cycle 28.622ms
[2024-05-21T04:28:22.152+0000][74][info ][safepoint   ] Safepoint "ICBufferFull", Time since last: 502207866 ns, Reaching safepoint: 3220 ns, Cleanup: 108873 ns, At safepoint: 1730 ns, Total: 113823 ns
