[2024-05-21T04:28:14.010+0000][54][info][gc,init] CardTable entry size: 512
[2024-05-21T04:28:14.010+0000][54][info][gc     ] Using G1
[2024-05-21T04:28:14.012+0000][54][info][gc,init] Version: 21.0.1+12-29 (release)
[2024-05-21T04:28:14.012+0000][54][info][gc,init] CPUs: 16 total, 16 available
[2024-05-21T04:28:14.013+0000][54][info][gc,init] Memory: 48142M
[2024-05-21T04:28:14.013+0000][54][info][gc,init] Large Page Support: Disabled
[2024-05-21T04:28:14.013+0000][54][info][gc,init] NUMA Support: Disabled
[2024-05-21T04:28:14.013+0000][54][info][gc,init] Compressed Oops: Enabled (32-bit)
[2024-05-21T04:28:14.013+0000][54][info][gc,init] Heap Region Size: 1M
[2024-05-21T04:28:14.084+0000][54][info][gc,init] Heap Min Capacity: 512M
[2024-05-21T04:28:14.084+0000][54][info][gc,init] Heap Initial Capacity: 512M
[2024-05-21T04:28:14.084+0000][54][info][gc,init] Heap Max Capacity: 512M
[2024-05-21T04:28:14.084+0000][54][info][gc,init] Pre-touch: Disabled
[2024-05-21T04:28:14.084+0000][54][info][gc,init] Parallel Workers: 13
[2024-05-21T04:28:14.084+0000][54][info][gc,init] Concurrent Workers: 3
[2024-05-21T04:28:14.084+0000][54][info][gc,init] Concurrent Refinement Workers: 13
[2024-05-21T04:28:14.085+0000][54][info][gc,init] Periodic GC: Disabled
[2024-05-21T04:28:14.088+0000][54][info][gc,metaspace] CDS archive(s) mapped at: [0x00007fa5c3000000-0x00007fa5c3ca5000-0x00007fa5c3ca5000), size 13258752, SharedBaseAddress: 0x00007fa5c3000000, ArchiveRelocationMode: 1.
[2024-05-21T04:28:14.088+0000][54][info][gc,metaspace] Compressed class space mapped at: 0x00007fa5c4000000-0x00007fa604000000, reserved size: 1073741824
[2024-05-21T04:28:14.088+0000][54][info][gc,metaspace] Narrow klass base: 0x00007fa5c3000000, Narrow klass shift: 0, Narrow klass range: 0x100000000
[2024-05-21T04:28:14.123+0000][54][info][gc,heap,exit] Heap
[2024-05-21T04:28:14.123+0000][54][info][gc,heap,exit]  garbage-first heap   total 524288K, used 3103K [0x00000000e0000000, 0x0000000100000000)
[2024-05-21T04:28:14.123+0000][54][info][gc,heap,exit]   region size 1024K, 3 young (3072K), 0 survivors (0K)
[2024-05-21T04:28:14.123+0000][54][info][gc,heap,exit]  Metaspace       used 221K, committed 448K, reserved 1114112K
[2024-05-21T04:28:14.123+0000][54][info][gc,heap,exit]   class space    used 5K, committed 128K, reserved 1048576K
